[backblue.gif]
[fade.gif]
[index.html]
[vietlott.vn/favicon.ico]
[vietlott.vn/Content/images/logo-vietlott-300x300.jpg]
[vietlott.vn/css/bootstrap.min.css]
[vietlott.vn/css/bootstrap-theme.min.css]
[vietlott.vn/EX.css]
[vietlott.vn/EX.js]
[vietlott.vn/js/jquery.countdown.min.js]
[vietlott.vn/js/bootstrap.min.js]
[vietlott.vn/js/jquery-3.2.1.min.js]
[vietlott.vn/images/home/favicon.ico]
[use.fontawesome.com/releases/v5.0.13/css/all.css]
[vietlott.vn/images/home/vietnam.png]
[vietlott.vn/images/home/logo.png]
[media.vietlott.vn/main/06.2018/cms/avatar/057c8815-a326-4022-8f02-6a8abc0350f9.jpg]
[media.vietlott.vn/main/07.2018/tkbbt/avatar/533930d4-4098-4dcc-b086-2eed274e6703.jpg]
[media.vietlott.vn/main/06.2018/cms/game/mega-645_full-color_cut-copy.png]
[media.vietlott.vn/main/06.2018/cms/game/Power655.png]
[media.vietlott.vn/main/06.2018/cms/game/Max4D_Full-color_cut.png]
[media.vietlott.vn/main/06.2018/kd/winner.avatar/74-khach-hang.jpg]
[media.vietlott.vn/main/06.2018/kd/winner.avatar/99-web.jpg]
[media.vietlott.vn/main/06.2018/kd/winner.avatar/125-anh.jpg]
[media.vietlott.vn/main/06.2018/kd/winner.avatar/2(19).jpg]
[vietlott.vn/images/home/logo_footer.png]
[vietlott.vn/images/home/multi_application1.png]
[vietlott.vn/images/home/multi_application2.png]
[vietlott.vn/index.html]
[vietlott.vn/404.html]
[vietlott.vn/vi/home.html]
[vietlott.vn/fonts/glyphicons-halflings-regular.eot]
[vietlott.vn/fonts/glyphicons-halflings-regulard41d.eot]
[vietlott.vn/fonts/glyphicons-halflings-regular.woff2]
[vietlott.vn/fonts/glyphicons-halflings-regular.woff]
[vietlott.vn/fonts/glyphicons-halflings-regular.ttf]
[vietlott.vn/css/bootstrap.min.css]
[vietlott.vn/css/bootstrap-theme.min.css]
[vietlott.vn/images/home/line_home1.jpg]
[vietlott.vn/images/home/line_home3.jpg]
[vietlott.vn/images/home/line_home2.jpg]
[vietlott.vn/images/home/global_navigation_bg_white.jpg]
[vietlott.vn/images/banner_sub/gt_jackpot_bg.jpg]
[vietlott.vn/images/choi/choi_gioithieu.jpg]
[vietlott.vn/images/home/doso_output_nd.png]
[vietlott.vn/images/home/global_navigation_bg.jpg]
[vietlott.vn/images/home/bg_kqtt_dstt_red.jpg]
[vietlott.vn/images/home/ds_trunggiai.jpg]
[vietlott.vn/images/home/bg_footer.jpg]
[vietlott.vn/images/home/bg_kqtt_dstt_red1.jpg]
[vietlott.vn/images/home/bg_kqtt_dstt_red2.jpg]
[vietlott.vn/fonts/myriad/MyriadPro-Light.ttf]
[vietlott.vn/fonts/myriad/MyriadPro-Regular.ttf]
[vietlott.vn/fonts/myriad/MyriadPro-Semibold.ttf]
[vietlott.vn/fonts/myriad/MyriadPro-Bold.ttf]
[vietlott.vn/fonts/myriad/MyriadPro-Black.ttf]
[vietlott.vn/fonts/myriad/MyriadPro-Cond.ttf]
[vietlott.vn/EX.css]
[use.fontawesome.com/releases/v5.0.13/css/all.css]
[vietlott.vn/ajaxpro/prototype.js]
[vietlott.vn/POST.html]
[vietlott.vn/ajaxpro/core.js]
[vietlott.vn/ajaxpro/converter.js]
[vietlott.vn/ajaxpro/Vietlott.Utility.WebEnvironments,Vietlott.Utility.js]
[vietlott.vn/ajaxpro/Vietlott.PlugIn.WebParts.NavBarWebPart,Vietlott.PlugIn.WebParts.js]
[vietlott.vn/slick/slick-theme.css]
[vietlott.vn/plugins/datepicker/css/bootstrap-datetimepicker.min.css]
[vietlott.vn/js/ex_sub.js]
[vietlott.vn/slick/slick.min.js]
[vietlott.vn/plugins/datepicker/js/bootstrap-datetimepicker.js]
[vietlott.vn/vi/choi/mega-6-45/gioi-thieu-san-pham-6-45.html]
[media.vietlott.vn/vi/06.2018/system/archivedate/Vé Mega 645.png]
[media.vietlott.vn/vi/06.2018/system/archivedate/bao-1a.png]
[widgetv4.subiz.com/static/js/app.js]
[media.vietlott.vn/vi/06.2018/system/archivedate/bao-2a.png]
[media.vietlott.vn/vi/06.2018/system/archivedate/bao-3a.png]
[media.vietlott.vn/vi/06.2018/system/archivedate/bao-4a.png]
[vietlott.vn/vi/choi/mega-6-45/cach-choi.html]
[vietlott.vn/vi/choi/mega-6-45/thong-ke-so-trung.html]
[vietlott.vn/vi/choi/diem-ban-hang.html]
[vietlott.vn/vi/choi/max4d/gioi-thieu-san-pham-max4d.html]
[media.vietlott.vn/vi/06.2018/system/archivedate/the-chon-so-max.png]
[vietlott.vn/vi/choi/max4d/cach-choi.html]
[vietlott.vn/vi/choi/max4d/thong-ke-so-trung.html]
[vietlott.vn/vi/choi/power-6-55/gioi-thieu-san-pham-power-655.html]
[media.vietlott.vn/vi/06.2018/system/archivedate/the-chon-so-power.png]
[media.vietlott.vn/vi/06.2018/system/archivedate/bao-1.png]
[media.vietlott.vn/vi/06.2018/system/archivedate/bao-2.png]
[media.vietlott.vn/vi/06.2018/system/archivedate/bao-3.png]
[media.vietlott.vn/vi/06.2018/system/archivedate/bao-4.png]
[vietlott.vn/vi/choi/power-6-55/cach-choi.html]
[vietlott.vn/vi/choi/power-6-55/thong-ke-so-trung.html]
[vietlott.vn/vi/trung-thuong/ket-qua-trung-thuong/645.html]
[vietlott.vn/vi/trung-thuong/ket-qua-trung-thuong/max-4d.html]
[vietlott.vn/vi/trung-thuong/ket-qua-trung-thuong/655.html]
[vietlott.vn/vi/trung-thuong/ket-qua-trung-thuong/thong-bao-ket-qua-645.html]
[vietlott.vn/vi/trung-thuong/ket-qua-trung-thuong/thong-bao-ket-qua-Max4D.html]
[vietlott.vn/vi/trung-thuong/ket-qua-trung-thuong/thong-bao-ket-qua-655.html]
[vietlott.vn/vi/trung-thuong/quay-so-mo-thuong/dia-diem-quay-so-mo-thuong.html]
[media.vietlott.vn/vi/06.2018/system/archivedate/MAGNUM II.jpg]
[vietlott.vn/vi/trung-thuong/quay-so-mo-thuong/quy-trinh-qsmt.html]
[vietlott.vn/js/jquery.fancybox.min.js]
[vietlott.vn/js/EX_slide.js]
[vietlott.vn/vi/trung-thuong/video-quay-so-mo-thuong.html]
[vietlott.vn/static.vietlott.vn/uploads/public/6E677579656E7468616F7472616E67Images/Đại lý.jpg]
[vietlott.vn/static.vietlott.vn/uploads/Files/thong tu 111.pdf]
[vietlott.vn/vi/trung-thuong/linh-thuong/quy-dinh-linh-thuong.html]
[vietlott.vn/vi/trung-thuong/linh-thuong/thoi-gian-linh-thuong-645.html]
[vietlott.vn/vi/trung-thuong/thong-ke-jackpot/thong-tin-ve-phat-hanh-645.html]
[vietlott.vn/vi/trung-thuong/thong-ke-jackpot/bo-so-jackpot-645.html]
[vietlott.vn/js/EX_chunhanjackpot.js]
[media.vietlott.vn/main/06.2018/kd/winner.avatar/2(18).jpg]
[media.vietlott.vn/main/06.2018/kd/winner.avatar/dsc_6716(1).jpg]
[media.vietlott.vn/main/06.2018/kd/winner.avatar/anh-khach-hang(2).jpg]
[media.vietlott.vn/main/06.2018/kd/winner.avatar/47-ty-hp.jpg]
[media.vietlott.vn/main/06.2018/kd/winner.avatar/25-ty-hcm.jpg]
[media.vietlott.vn/main/06.2018/kd/winner.avatar/95-web.jpg]
[media.vietlott.vn/main/06.2018/kd/winner.avatar/244-web.jpg]
[media.vietlott.vn/main/06.2018/kd/winner.avatar/238-web.jpg]
[media.vietlott.vn/main/06.2018/kd/winner.avatar/207-khach-hang.jpg]
[media.vietlott.vn/main/06.2018/kd/winner.avatar/116-(ao-den-ben-trai).jpg]
[media.vietlott.vn/main/06.2018/kd/winner.avatar/130.jpg]
[media.vietlott.vn/main/06.2018/kd/winner.avatar/2(14)-(1).jpg]
[media.vietlott.vn/main/06.2018/kd/winner.avatar/anh-khach(1).jpg]
[media.vietlott.vn/main/06.2018/kd/winner.avatar/02--khach-chup-chung.jpg]
[media.vietlott.vn/main/06.2018/kd/winner.avatar/anh-khach.jpg]
[media.vietlott.vn/main/06.2018/kd/winner.avatar/02-kh-chup-chung(1).jpg]
[media.vietlott.vn/main/06.2018/kd/winner.avatar/02--chup-chung(1).jpg]
[media.vietlott.vn/main/06.2018/kd/winner.avatar/63-ty.jpg]
[media.vietlott.vn/main/06.2018/kd/winner.avatar/88-web.jpg]
[media.vietlott.vn/main/06.2018/kd/winner.avatar/84-web.jpg]
[media.vietlott.vn/main/06.2018/kd/winner.avatar/68-web.jpg]
[media.vietlott.vn/main/06.2018/kd/winner.avatar/56-web.jpg]
[media.vietlott.vn/main/06.2018/kd/winner.avatar/36-web.jpg]
[vietlott.vn/vi/trung-thuong/ket-qua-trung-thuong/chu-nhan-jackpot.html]
[vietlott.vn/vi/dai-ly/gioi-thieu-dai-ly.html]
[vietlott.vn/vi/dai-ly/lua-chon-dai-ly-diem-ban-hang.html]
[vietlott.vn/vi/dai-ly/quy-dinh-dai-ly.html]
[vietlott.vn/vi/dai-ly/danh-sach-dai-ly.html]
[vietlott.vn/static.vietlott.vn/uploads/Images/Untitled(4).jpg]
[vietlott.vn/static.vietlott.vn/uploads/Images/237Bienled/Hướng dẫn nội dung biển LED chữ nhật up portal(1)(1).png]
[vietlott.vn/vi/dai-ly/ho-tro-dai-ly-diem-ban-hang.html]
[vietlott.vn/images/home/donggopxahoi_icon1.png]
[vietlott.vn/images/home/donggopxahoi_icon2.png]
[vietlott.vn/images/home/donggopxahoi_icon3.png]
[vietlott.vn/images/home/donggopxahoi_icon4.png]
[vietlott.vn/vi/trach-nhiem-xa-hoi/dong-gop-cho-xa-hoi.html]
[vietlott.vn/static.vietlott.vn/uploads/Images/IMG_9192.jpg]
[vietlott.vn/static.vietlott.vn/uploads/Images/6(3).jpg]
[media.vietlott.vn/main/05.2018/cms/avatar/9b50fde7-7f42-442d-b8a3-2feefffb01ed.jpg]
[vietlott.vn/static.vietlott.vn/uploads/Images/3(12).jpg]
[vietlott.vn/static.vietlott.vn/uploads/Images/8(3).jpg]
[vietlott.vn/static.vietlott.vn/uploads/Images/1(16).jpg]
[vietlott.vn/static.vietlott.vn/uploads/Images/16_4_3.jpg]
[vietlott.vn/static.vietlott.vn/uploads/Images/ảnh 1.jpg]
[vietlott.vn/static.vietlott.vn/uploads/Images/IMG_5838(2).jpg]
[vietlott.vn/static.vietlott.vn/uploads/Images/dauxuankhachhanglinhjackpottangquatuthiencachongheotaithaibinh3.jpg]
[vietlott.vn/static.vietlott.vn/uploads/Images/amlongvoinhunghoatdongtuthiencuavietlotttrenkhapcanuoc.jpg]
[vietlott.vn/static.vietlott.vn/uploads/Images/vietlotttrao70suathocbongchotreemmocoihaiphong1.jpg]
[vietlott.vn/vi/trach-nhiem-xa-hoi/trach-nhiem-voi-cong-dong.html]
[vietlott.vn/static.vietlott.vn/uploads/Images/LOI KHUYEN/good-advice2.jpg]
[vietlott.vn/static.vietlott.vn/uploads/Images/2111 tin trung thuong, khuyen cao/b2ap3_large_tips-newsletter.jpg]
[vietlott.vn/static.vietlott.vn/uploads/Images/Untitled 123.png]
[vietlott.vn/static.vietlott.vn/uploads/Images/2909 tin trung thuong HET HAN thue/thue 1.jpg]
[vietlott.vn/static.vietlott.vn/uploads/Images/08082016/thongbao_75.jpg]
[vietlott.vn/static.vietlott.vn/uploads/public/7472616E74686973756F6E67Images/2016/Trach nhiem xa hoi/Choi co trach nhiem/Loi khuyen/casino_UAME.jpg]
[vietlott.vn/static.vietlott.vn/uploads/public/6E677579656E7468697468757964756F6E67Images/download.jpg]
[vietlott.vn/static.vietlott.vn/uploads/public/7472616E74686973756F6E67Images/mmm(1).png]
[vietlott.vn/vi/trach-nhiem-xa-hoi/choi-co-trach-nhiem.html]
[media.vietlott.vn/main/07.2018/tkbbt/avatar/1cc6cb25-d47f-4725-a49c-f6236fadec15.png]
[media.vietlott.vn/main/07.2018/tkbbt/avatar/0ae7957f-ae85-41d6-8968-094cf54c8757.png]
[media.vietlott.vn/main/07.2018/tkbbt/avatar/2a2b21a2-b8de-4915-9095-2dacd0a9a709.jpg]
[media.vietlott.vn/main/07.2018/tkbbt/avatar/9c2d0f0f-e733-456e-bef8-9890c8177a64.png]
[media.vietlott.vn/main/07.2018/tkbbt/avatar/b8734eea-1dab-498e-8a4f-603beb94ae87.jpg]
[media.vietlott.vn/main/07.2018/tkbbt/avatar/1b983bdd-a1cf-4678-92cb-a347ab813c9d.jpg]
[vietlott.vn/static.vietlott.vn/uploads/Images/JP2 Power 655 - Kỳ 141.png]
[vietlott.vn/static.vietlott.vn/uploads/Images/Mega 645 - kỳ 301.jpg]
[vietlott.vn/static.vietlott.vn/uploads/Images/JP1 - 139.jpg]
[vietlott.vn/static.vietlott.vn/uploads/Images/14-6.png]
[vietlott.vn/static.vietlott.vn/uploads/Images/JP2-130-3.jpg]
[vietlott.vn/static.vietlott.vn/uploads/Images/2(20).jpg]
[vietlott.vn/vi/tin-tuc/tin-trung-thuong.html]
[media.vietlott.vn/main/07.2018/tkbbt/avatar/8e6f99b5-636c-48f7-910a-fc82842d9935.jpg]
[media.vietlott.vn/main/07.2018/tkbbt/avatar/be3d3b6a-7dd0-4ea5-8729-fe4b2ce160a6.jpg]
[vietlott.vn/static.vietlott.vn/uploads/Images/3(15).jpg]
[vietlott.vn/static.vietlott.vn/uploads/Images/Ảnh kỳ QSMT số 119(1).jpg]
[vietlott.vn/static.vietlott.vn/uploads/Images/ZV4A0995.jpg]
[vietlott.vn/static.vietlott.vn/uploads/Images/Logo Power 655- cut.png]
[vietlott.vn/static.vietlott.vn/uploads/Images/ảnh 1(2).jpg]
[vietlott.vn/static.vietlott.vn/uploads/Images/article.jpg]
[vietlott.vn/static.vietlott.vn/uploads/Images/chinhphuquydinhcachxulyvetrungvietlottkhongcokhachlinhthuong.png]
[vietlott.vn/static.vietlott.vn/uploads/Images/thongbaodieuchinhlichqsmttrongdiptetnguyendan2018(1).jpg]
[vietlott.vn/static.vietlott.vn/uploads/Images/vietlottchinhanhkhanhhoatraogiaychungnhandiembanhangtieubieu.jpg]
[vietlott.vn/vi/tin-tuc/tin-hoat-dong.html]
[media.vietlott.vn/vi/06.2018/system/archivedate/12132404_759431097519278_8861677715505781345_o.jpg]
[media.vietlott.vn/vi/06.2018/system/archivedate/logo-vietlott.png]
[vietlott.vn/static.vietlott.vn/uploads/images/Vietlott petal3860.png]
[vietlott.vn/vi/vietlott/gioi-thieu.html]
[vietlott.vn/vi/vietlott/lich-su.html]
[media.vietlott.vn/main/06.2018/cms/document.info/no_image.png]
[vietlott.vn/vi/vietlott/thong-tin-lien-quan.html]
[vietlott.vn/vi/vietlott/lien-he.html]
[vietlott.vn/vi/trung-thuong/ket-qua-trung-thuong/645-2.html]
[vietlott.vn/vi/trung-thuong/ket-qua-trung-thuong/winning-number-645.html]
[vietlott.vn/vi/trung-thuong/ket-qua-trung-thuong/655-2.html]
[vietlott.vn/static.vietlott.vn/uploads/Images/jackpot300ty-1.png]
[vietlott.vn/static.vietlott.vn/uploads/Images/jackpot300ty-2.png]
[vietlott.vn/vi/tin-tuc/8851-cach-xac-dinh-gia-tri-jackpot-1-va-jackpot-2.html]
[vietlott.vn/vi/trung-thuong/ket-qua-trung-thuong/winning-number-655.html]
[vietlott.vn/vi/trung-thuong/ket-qua-trung-thuong/max-4d-2.html]
[vietlott.vn/vi/trung-thuong/ket-qua-trung-thuong/winning-number-max-4d.html]
[vietlott.vn/404.html]
[vietlott.vn/fonts/glyphicons-halflings-regular.svg]
[vietlott.vn/POST.html]
[vietlott.vn/slick/slick.css]
[vietlott.vn/slick/ajax-loader.gif]
[vietlott.vn/slick/fonts/slick.eot]
[vietlott.vn/slick/fonts/slickd41d.eot]
[vietlott.vn/slick/fonts/slick.woff]
[vietlott.vn/slick/fonts/slick.ttf]
[vietlott.vn/slick/slick-theme.css]
[vietlott.vn/plugins/datepicker/css/bootstrap-datetimepicker.min.css]
[vietlott.vn/ajaxpro/Vietlott.WebRender.FrontendRenderUtility,Vietlott.WebRender.js]
[vietlott.vn/ajaxpro/Vietlott.PlugIn.WebParts.TopHeaderWebPart,Vietlott.PlugIn.WebParts.js]
[vietlott.vn/ajaxpro/Vietlott.PlugIn.WebParts.GameIntroduce645WebPart,Vietlott.PlugIn.WebParts.js]
[vietlott.vn/ajaxpro/Vietlott.PlugIn.WebParts.FooterWebPart,Vietlott.PlugIn.WebParts.js]
[vietlott.vn/ajaxpro/Vietlott.PlugIn.WebParts.Faq645WebPart,Vietlott.PlugIn.WebParts.js]
[vietlott.vn/game/mega645/src/preLoad.js]
[vietlott.vn/game/mega645/src/resources.js]
[vietlott.vn/game/mega645/src/intro.js]
[vietlott.vn/game/mega645/src/chooseNumber.js]
[vietlott.vn/game/mega645/src/result.js]
[vietlott.vn/game/mega645/src/app.js]
[vietlott.vn/game/mega645/index.html]
[vietlott.vn/ajaxpro/Vietlott.PlugIn.WebParts.Statitics645WebPart,Vietlott.PlugIn.WebParts.js]
[vietlott.vn/ajaxpro/Vietlott.PlugIn.WebParts.ListStoreWebPart,Vietlott.PlugIn.WebParts.js]
[vietlott.vn/ajaxpro/Vietlott.PlugIn.WebParts.GameIntroduceMax4DWebPart,Vietlott.PlugIn.WebParts.js]
[vietlott.vn/ajaxpro/Vietlott.PlugIn.WebParts.FaqMax4DWebPart,Vietlott.PlugIn.WebParts.js]
[ajax.googleapis.com/ajax/libs/jquery/3.1.0/jquery.min.js]
[vietlott.vn/game/max4d/src/phaser.js]
[vietlott.vn/game/mega645/src/phaser.js]
[vietlott.vn/game/max4d/src/preLoad.js]
[vietlott.vn/game/max4d/src/resources.js]
[vietlott.vn/game/max4d/src/intro.js]
[vietlott.vn/game/max4d/src/chooseNumber.js]
[vietlott.vn/game/max4d/src/result.js]
[vietlott.vn/game/max4d/src/app.js]
[vietlott.vn/game/max4d/index.html]
[vietlott.vn/ajaxpro/Vietlott.PlugIn.WebParts.Max4dStatiticsWebPart,Vietlott.PlugIn.WebParts.js]
[vietlott.vn/ajaxpro/Vietlott.PlugIn.WebParts.GameIntroduce655WebPart,Vietlott.PlugIn.WebParts.js]
[vietlott.vn/ajaxpro/Vietlott.PlugIn.WebParts.Faq655WebPart,Vietlott.PlugIn.WebParts.js]
[vietlott.vn/game/power/src/phaser.js]
[vietlott.vn/game/power/src/preLoad.js]
[vietlott.vn/game/power/src/resources.js]
[vietlott.vn/game/power/src/intro.js]
[vietlott.vn/game/power/src/chooseNumber.js]
[vietlott.vn/game/power/src/result.js]
[vietlott.vn/game/power/src/app.js]
[vietlott.vn/game/power/index.html]
[vietlott.vn/ajaxpro/Vietlott.PlugIn.WebParts.Statitics655WebPart,Vietlott.PlugIn.WebParts.js]
[vietlott.vn/ajaxpro/Vietlott.PlugIn.WebParts.Game645ResultDetailWebPart,Vietlott.PlugIn.WebParts.js]
[vietlott.vn/ajaxpro/Vietlott.PlugIn.WebParts.GameMax4DResultDetailWebPart,Vietlott.PlugIn.WebParts.js]
[vietlott.vn/ajaxpro/Vietlott.PlugIn.WebParts.Game655ResultDetailWebPart,Vietlott.PlugIn.WebParts.js]
[vietlott.vn/ajaxpro/Vietlott.PlugIn.WebParts.GameResultInfo645WebPart,Vietlott.PlugIn.WebParts.js]
[vietlott.vn/ajaxpro/Vietlott.PlugIn.WebParts.GameResultInfoMax4DWebPart,Vietlott.PlugIn.WebParts.js]
[vietlott.vn/ajaxpro/Vietlott.PlugIn.WebParts.GameResultInfo655WebPart,Vietlott.PlugIn.WebParts.js]
[vietlott.vn/ajaxpro/Vietlott.PlugIn.WebParts.LocationDrawWebPart,Vietlott.PlugIn.WebParts.js]
[vietlott.vn/ajaxpro/Vietlott.PlugIn.WebParts.ViewArticleWebPart,Vietlott.PlugIn.WebParts.js]
[vietlott.vn/ajaxpro/Vietlott.PlugIn.WebParts.VideoWebPart,Vietlott.PlugIn.WebParts.js]
[vietlott.vn/css/jquery.fancybox.min.css]
[vietlott.vn/vi/trung-thuong/danh-sach-video-quay-so-mo-thuong-645.html]
[vietlott.vn/vi/trung-thuong/danh-sach-video-quay-so-mo-thuong-655.html]
[vietlott.vn/vi/trung-thuong/danh-sach-video-quay-so-mo-thuong-max4d.html]
[vietlott.vn/ajaxpro/Vietlott.PlugIn.WebParts.ExpiredPrize645WebPart,Vietlott.PlugIn.WebParts.js]
[vietlott.vn/vi/trung-thuong/linh-thuong/thoi-gian-linh-thuong-655.html]
[vietlott.vn/vi/trung-thuong/linh-thuong/thoi-gian-linh-thuong-max-4d.html]
[vietlott.vn/ajaxpro/Vietlott.PlugIn.WebParts.TicketInfo645WebPart,Vietlott.PlugIn.WebParts.js]
[vietlott.vn/vi/trung-thuong/thong-ke-jackpot/thong-tin-ve-phat-hanh-655.html]
[vietlott.vn/ajaxpro/Vietlott.PlugIn.WebParts.Game645SetOfJackPotWebPart,Vietlott.PlugIn.WebParts.js]
[vietlott.vn/vi/trung-thuong/thong-ke-jackpot/bo-so-jackpot-655.html]
[vietlott.vn/ajaxpro/Vietlott.PlugIn.WebParts.ListWinnerWebPart,Vietlott.PlugIn.WebParts.js]
[vietlott.vn/ajaxpro/Vietlott.PlugIn.WebParts.SalePosSelectWebPart,Vietlott.PlugIn.WebParts.js]
[vietlott.vn/ajaxpro/Vietlott.PlugIn.WebParts.AgencyRuleWebPart,Vietlott.PlugIn.WebParts.js]
[vietlott.vn/ajaxpro/Vietlott.PlugIn.WebParts.ListAgencyWebPart,Vietlott.PlugIn.WebParts.js]
[vietlott.vn/vi/dai-ly/danh-sach-dai-ly-2.html]
[vietlott.vn/ajaxpro/Vietlott.PlugIn.WebParts.LedContentWebPart,Vietlott.PlugIn.WebParts.js]
[vietlott.vn/ajaxpro/Vietlott.PlugIn.WebParts.SocialActivityWebPart,Vietlott.PlugIn.WebParts.js]
[vietlott.vn/ajaxpro/Vietlott.PlugIn.WebParts.ListNewsWebPart,Vietlott.PlugIn.WebParts.js]
[vietlott.vn/static.vietlott.vn/uploads/Images/IMG_9192(1).jpg]
[vietlott.vn/static.vietlott.vn/uploads/Images/IMG_1495.jpg]
[vietlott.vn/static.vietlott.vn/uploads/Images/IMG_1513.jpg]
[vietlott.vn/static.vietlott.vn/uploads/Images/IMG_2332.jpg]
[vietlott.vn/vi/trach-nhiem-xa-hoi/trach-nhiem-voi-cong-dong/9178-vietlott-trao-tang-04-nha-tinh-nghia-o-ninh-binh-va-nam-dinh/index.html]
[vietlott.vn/static.vietlott.vn/uploads/Images/5(4).jpg]
[vietlott.vn/static.vietlott.vn/uploads/Images/1(24).jpg]
[vietlott.vn/static.vietlott.vn/uploads/Images/3(20).jpg]
[vietlott.vn/static.vietlott.vn/uploads/Images/6(5).jpg]
[vietlott.vn/vi/trach-nhiem-xa-hoi/trach-nhiem-voi-cong-dong/9177-vietlott-trao-tan-tay-350-trieu-dong-cho-gia-dinh-hiep-si-tai-binh-dinh-tp-ho-chi-minh-va-dong-nai/index.html]
[vietlott.vn/static.vietlott.vn/uploads/Images/8(6).jpg]
[vietlott.vn/vi/trach-nhiem-xa-hoi/trach-nhiem-voi-cong-dong/9250-khach-hang-vietlott-chia-se-may-man-voi-cac-hoc-sinh-ngheo-vung-cao/index.html]
[vietlott.vn/static.vietlott.vn/uploads/Images/5(3).jpg]
[vietlott.vn/static.vietlott.vn/uploads/Images/1(21).jpg]
[vietlott.vn/static.vietlott.vn/uploads/Images/3(14).jpg]
[vietlott.vn/static.vietlott.vn/uploads/Images/7(1).jpg]
[vietlott.vn/static.vietlott.vn/uploads/Images/6(2).jpg]
[vietlott.vn/vi/trach-nhiem-xa-hoi/trach-nhiem-voi-cong-dong/9308-vietlott-kham-benh-cap-phat-thuoc-mien-phi-cho-nguoi-dan-ngheo-tai-hau-giang/index.html]
[vietlott.vn/static.vietlott.vn/uploads/Images/2(13).jpg]
[vietlott.vn/static.vietlott.vn/uploads/Images/8(4).jpg]
[vietlott.vn/static.vietlott.vn/uploads/Images/9(1).jpg]
[vietlott.vn/static.vietlott.vn/uploads/Images/1(20).jpg]
[vietlott.vn/vi/trach-nhiem-xa-hoi/trach-nhiem-voi-cong-dong/9307-thay-mat-nguoi-trung-thuong-diem-ban-hang-vietlott-tang-xe-lan-cho-nguoi-khuyet-tat-tai-dong-nai/index.html]
[vietlott.vn/static.vietlott.vn/uploads/Images/2(11).jpg]
[vietlott.vn/vi/trach-nhiem-xa-hoi/trach-nhiem-voi-cong-dong/9176-vietlott-thay-mat-khach-hang-trung-thuong-trao-tang-hoc-bong-hoc-sinh-ngheo-vuot-kho/index.html]
[vietlott.vn/static.vietlott.vn/uploads/Images/16_4_2.jpg]
[vietlott.vn/static.vietlott.vn/uploads/Images/16_4_3(1).jpg]
[vietlott.vn/static.vietlott.vn/uploads/Images/16_4_4.jpg]
[vietlott.vn/vi/trach-nhiem-xa-hoi/trach-nhiem-voi-cong-dong/9249-doan-thanh-nien-bo-tai-chinh-va-vietlott-thay-mat-khach-hang-trao-hoc-bong-tai-tuyen-quang-ha-giang/index.html]
[vietlott.vn/static.vietlott.vn/uploads/Images/ảnh 1(1).jpg]
[vietlott.vn/static.vietlott.vn/uploads/Images/ảnh 2.jpg]
[vietlott.vn/static.vietlott.vn/uploads/Images/ảnh 3.jpg]
[vietlott.vn/vi/trach-nhiem-xa-hoi/trach-nhiem-voi-cong-dong/9306-thay-mat-khach-hang-vietlott-trao-hoc-bong-cho-hoc-sinh-ngheo-vuot-kho/index.html]
[vietlott.vn/static.vietlott.vn/uploads/Images/IMG_5834.jpg]
[vietlott.vn/static.vietlott.vn/uploads/Images/IMG_5839.jpg]
[vietlott.vn/static.vietlott.vn/uploads/Images/IMG_5808.jpg]
[vietlott.vn/vi/trach-nhiem-xa-hoi/trach-nhiem-voi-cong-dong/9175-khach-hang-vietlott-mang-den-niem-vui-cho-tre-em-tu-ky/index.html]
[vietlott.vn/static.vietlott.vn/uploads/Images/dauxuankhachhanglinhjackpottangquatuthiencachongheotaithaibinh.jpg]
[vietlott.vn/static.vietlott.vn/uploads/Images/dauxuankhachhanglinhjackpottangquatuthiencachongheotaithaibinh2.jpg]
[vietlott.vn/static.vietlott.vn/uploads/Images/dauxuankhachhanglinhjackpottangquatuthiencachongheotaithaibinh4.jpg]
[vietlott.vn/vi/trach-nhiem-xa-hoi/trach-nhiem-voi-cong-dong/9248-dau-xuan-khach-hang-linh-jackpot-tang-qua-tu-thien-cac-ho-ngheo-tai-thai-binh/index.html]
[vietlott.vn/static.vietlott.vn/uploads/Images/amlongvoinhunghoatdongtuthiencuavietlotttrenkhapcanuoc(2).jpg]
[vietlott.vn/static.vietlott.vn/uploads/Images/amlongvoinhunghoatdongtuthiencuavietlotttrenkhapcanuoc1.jpg]
[vietlott.vn/static.vietlott.vn/uploads/Images/amlongvoinhunghoatdongtuthiencuavietlotttrenkhapcanuoc2.jpg]
[vietlott.vn/static.vietlott.vn/uploads/Images/amlongvoinhunghoatdongtuthiencuavietlotttrenkhapcanuoc4.jpg]
[vietlott.vn/vi/trach-nhiem-xa-hoi/trach-nhiem-voi-cong-dong/9247-am-long-voi-nhung-hoat-dong-tu-thien-cua-vietlott-tren-khap-ca-nuoc/index.html]
[vietlott.vn/static.vietlott.vn/uploads/Images/vietlotttrao70suathocbongchotreemmocoihaiphong2.jpg]
[vietlott.vn/vi/trach-nhiem-xa-hoi/trach-nhiem-voi-cong-dong/9246-vietlott-trao-70-suat-hoc-bong-cho-tre-em-mo-coi-hai-phong/index.html]
[vietlott.vn/static.vietlott.vn/uploads/Images/LOI KHUYEN/Untitled 44444.jpg]
[vietlott.vn/vi/trach-nhiem-xa-hoi/choi-co-trach-nhiem/9270-hay-choi-co-trach-nhiem/index.html]
[vietlott.vn/vi/trach-nhiem-xa-hoi/choi-co-trach-nhiem/9269-mot-so-loi-khuyen/index.html]
[vietlott.vn/vi/trach-nhiem-xa-hoi/choi-co-trach-nhiem/9268-muoi-loi-khuyen-danh-cho-nguoi-trung-so/index.html]
[vietlott.vn/vi/trach-nhiem-xa-hoi/choi-co-trach-nhiem/9267-thue-thu-nhap-ca-nhan-doi-voi-thu-nhap-tu-trung-thuong-xo-so/index.html]
[vietlott.vn/vi/trach-nhiem-xa-hoi/choi-co-trach-nhiem/9277-thong-bao/index.html]
[vietlott.vn/vi/trach-nhiem-xa-hoi/choi-co-trach-nhiem/9278-thong-bao/index.html]
[vietlott.vn/vi/trach-nhiem-xa-hoi/choi-co-trach-nhiem/9276-thong-bao/index.html]
[vietlott.vn/vi/trach-nhiem-xa-hoi/choi-co-trach-nhiem/9275-thong-bao/index.html]
[vietlott.vn/vi/trach-nhiem-xa-hoi/choi-co-trach-nhiem/9274-tim-hieu-ve-cac-tro-choi-giai-tri-co-thuong/index.html]
[vietlott.vn/vi/trach-nhiem-xa-hoi/choi-co-trach-nhiem/9273-mat-trai-cua-tro-choi-co-thuong-bat-hop-phap/index.html]
[vietlott.vn/vi/trach-nhiem-xa-hoi/choi-co-trach-nhiem/9272-loi-khuyen-cho-nguoi-choi/index.html]
[media.vietlott.vn/vi/07.2018/system/archivedate/jp1-ky-131.png]
[vietlott.vn/vi/tin-tuc/tin-trung-thuong/9365-tp-ho-chi-minh-lan-thu-2-chao-don-khach-hang-trung-jackpot-1/index.html]
[media.vietlott.vn/vi/07.2018/system/archivedate/jp-mega-645-ky-309.png]
[vietlott.vn/vi/tin-tuc/tin-trung-thuong/9364-can-tho-don-them-mot-ty-phu-vietlott-moi/index.html]
[media.vietlott.vn/vi/07.2018/system/archivedate/anh-ve.jpg]
[media.vietlott.vn/vi/07.2018/system/archivedate/mr-jp-chup-rieng.jpg]
[vietlott.vn/vi/tin-tuc/tin-trung-thuong/9363-anh-nong-dan-soc-trang-nhan-thuong-hon-19-ty-dong/index.html]
[media.vietlott.vn/vi/07.2018/system/archivedate/jp2-power-655-ky-146.png]
[vietlott.vn/vi/tin-tuc/tin-trung-thuong/9362-khach-hang-mua-bao-10-trung-jackpot-2-power-655/index.html]
[media.vietlott.vn/vi/07.2018/system/archivedate/mega-306.jpg]
[vietlott.vn/vi/tin-tuc/tin-trung-thuong/9358-jackpot-mega-645-da-tim-duoc-chu-nhan-moi/index.html]
[media.vietlott.vn/vi/07.2018/system/archivedate/ve-jackpot-1-quang-binh.jpg]
[media.vietlott.vn/vi/07.2018/system/archivedate/img_4855.jpg]
[vietlott.vn/vi/tin-tuc/tin-trung-thuong/9349-khach-hang-den-tu-quang-binh-trao-tang-500-phan-qua-tu-thien-trong-le-trao-thuong/index.html]
[vietlott.vn/vi/tin-tuc/tin-trung-thuong/8951-02-khach-hang-mien-bac-cung-trung-jackpot/index.html]
[vietlott.vn/vi/tin-tuc/tin-trung-thuong/8950-jackpot-mega-645-ve-tp-ho-chi-minh-sau-hon-1-thang/index.html]
[vietlott.vn/vi/tin-tuc/tin-trung-thuong/8949-quang-binh-lan-dau-don-ty-phu-vietlott/index.html]
[vietlott.vn/vi/tin-tuc/tin-trung-thuong/8948-jackpot-2-ngay-146-duoc-phat-hanh-tai-tp-ho-chi-minh/index.html]
[vietlott.vn/static.vietlott.vn/uploads/Images/JP2-130-VE.jpg]
[vietlott.vn/static.vietlott.vn/uploads/Images/JP2-130-3(1).jpg]
[vietlott.vn/static.vietlott.vn/uploads/Images/JP2-130-2.jpg]
[vietlott.vn/vi/tin-tuc/tin-trung-thuong/8947-nu-tieu-thuong-vinh-long-linh-giai-jackpot-2-hon-37-ty-dong/index.html]
[vietlott.vn/static.vietlott.vn/uploads/Images/1(25).jpg]
[vietlott.vn/static.vietlott.vn/uploads/Images/2(19).jpg]
[vietlott.vn/vi/tin-tuc/tin-trung-thuong/8945-nu-nhan-vien-ngan-hang-linh-giai-jackpot-1-hon-40-ty-dong/index.html]
[vietlott.vn/vi/tin-tuc/tin-hoat-dong/9361-thong-bao-tam-ngung-hoat-dong-ung-dung-vietlott-tren-dien-thoai-de-nang-cap/index.html]
[vietlott.vn/vi/tin-tuc/tin-hoat-dong/9353-tam-dung-chuc-nang-ban-truoc-ky-qsmt-cua-san-pham-max-4d/index.html]
[vietlott.vn/static.vietlott.vn/uploads/Images/1(22).jpg]
[vietlott.vn/static.vietlott.vn/uploads/Images/2(14).jpg]
[vietlott.vn/static.vietlott.vn/uploads/Images/3(16).jpg]
[vietlott.vn/vi/tin-tuc/tin-hoat-dong/8938-khach-hang-trung-thuong-cua-vietlott-lam-tu-thien-3-ty-dong/index.html]
[vietlott.vn/vi/tin-tuc/tin-hoat-dong/8935-vietlott-da-tiep-nhan-ve-trung-thuong-jackpot-1-tri-gia-gan-304-ty-dong/index.html]
[vietlott.vn/static.vietlott.vn/uploads/Images/ZV4A0978.jpg]
[vietlott.vn/static.vietlott.vn/uploads/Images/ZV4A0989.jpg]
[vietlott.vn/static.vietlott.vn/uploads/Images/ZV4A0995(2).jpg]
[vietlott.vn/vi/tin-tuc/tin-hoat-dong/8932-vietlott-van-hanh-he-thong-kinh-doanh-tai-4-tinh-ninh-thuan-phu-tho-quang-ngai-thanh-hoa/index.html]
[vietlott.vn/vi/tin-tuc/tin-hoat-dong/8930-nhung-con-so-thu-vi-ve-san-pham-power-655/index.html]
[vietlott.vn/static.vietlott.vn/uploads/Images/ảnh 1(3).jpg]
[vietlott.vn/static.vietlott.vn/uploads/Images/ảnh 2(1).jpg]
[vietlott.vn/vi/tin-tuc/tin-hoat-dong/8915-vietlott-trao-hoc-bong-cho-sinh-vien-hoc-vien-tai-chinh/index.html]
[vietlott.vn/vi/tin-tuc/tin-hoat-dong/8903-thong-bao-gia-han-thoi-han-nhan-ho-so-ung-tuyen-dai-ly-xo-so-tu-chon-tai-thanh-hoa-va-vinh-long/index.html]
[vietlott.vn/vi/tin-tuc/tin-hoat-dong/8898-phat-hanh-ho-so-yeu-cau-lua-chon-dai-ly-xo-so-tu-chon-so-dien-toan-qua-thiet-bi-dau-cuoi-dot-1-nam-2018/index.html]
[vietlott.vn/vi/tin-tuc/tin-hoat-dong/8893-chinh-phu-quy-dinh-cach-xu-ly-ve-trung-jackpot-khong-co-khach-linh-thuong/index.html]
[vietlott.vn/static.vietlott.vn/uploads/Images/vietlottdieuchinhlichquaysodiptetnguyendan2018.png]
[vietlott.vn/vi/tin-tuc/tin-hoat-dong/8872-thong-bao-dieu-chinh-lich-quay-so-mo-thuong-xsdt-trong-dip-tet-nguyen-dan-2018/index.html]
[vietlott.vn/static.vietlott.vn/uploads/Images/vietlottchinhanhkhanhhoatraogiaychungnhandiembanhangtieubieu2.jpg]
[vietlott.vn/vi/tin-tuc/tin-hoat-dong/8870-vietlott-chi-nhanh-khanh-hoa-trao-giay-chung-nhan-diem-ban-hang-tieu-bieu/index.html]
[vietlott.vn/ajaxpro/Vietlott.PlugIn.WebParts.HistoryWebPart,Vietlott.PlugIn.WebParts.js]
[vietlott.vn/ajaxpro/Vietlott.PlugIn.WebParts.RelationInfoWebPart,Vietlott.PlugIn.WebParts.js]
[vietlott.vn/ajaxpro/Vietlott.PlugIn.WebParts.LawDocumentWebPart,Vietlott.PlugIn.WebParts.js]
[vietlott.vn/ajaxpro/Vietlott.PlugIn.WebParts.PublishingInfoWebPart,Vietlott.PlugIn.WebParts.js]
[vietlott.vn/ajaxpro/Vietlott.PlugIn.WebParts.CompanyWebPart,Vietlott.PlugIn.WebParts.js]
[vietlott.vn/ajaxpro/Vietlott.PlugIn.WebParts.Game645CompareWebPart,Vietlott.PlugIn.WebParts.js]
[vietlott.vn/vi/trung-thuong/ket-qua-trung-thuong/6453c17.html]
[vietlott.vn/vi/trung-thuong/ket-qua-trung-thuong/6450649.html]
[vietlott.vn/vi/trung-thuong/ket-qua-trung-thuong/6453849.html]
[vietlott.vn/vi/trung-thuong/ket-qua-trung-thuong/645072a.html]
[vietlott.vn/vi/trung-thuong/ket-qua-trung-thuong/64528d4.html]
[vietlott.vn/vi/trung-thuong/ket-qua-trung-thuong/6454894.html]
[vietlott.vn/vi/trung-thuong/ket-qua-trung-thuong/645d500.html]
[vietlott.vn/vi/trung-thuong/ket-qua-trung-thuong/6452db2.html]
[vietlott.vn/ajaxpro/Vietlott.PlugIn.WebParts.ViewNewsWebPart,Vietlott.PlugIn.WebParts.js]
[vietlott.vn/static.vietlott.vn/uploads/Files/QUYET DINH/THỂ LỆ THAM GIA DỰ THƯỞNG POWER 655.pdf]
[vietlott.vn/vi/choi/power-6-55/the-le-tham-gia-du-thuong/index.html]
[vietlott.vn/vi/tin-tuc/9365-tp-ho-chi-minh-lan-thu-2-chao-don-khach-hang-trung-jackpot-1/index.html]
[vietlott.vn/vi/tin-tuc/9364-can-tho-don-them-mot-ty-phu-vietlott-moi/index.html]
[vietlott.vn/vi/tin-tuc/9363-anh-nong-dan-soc-trang-nhan-thuong-hon-19-ty-dong/index.html]
[vietlott.vn/ajaxpro/Vietlott.PlugIn.WebParts.Game655CompareWebPart,Vietlott.PlugIn.WebParts.js]
[vietlott.vn/vi/trung-thuong/ket-qua-trung-thuong/655835c.html]
[vietlott.vn/vi/trung-thuong/ket-qua-trung-thuong/655b015.html]
[vietlott.vn/vi/trung-thuong/ket-qua-trung-thuong/655e306.html]
[vietlott.vn/vi/trung-thuong/ket-qua-trung-thuong/65514eb.html]
[vietlott.vn/vi/trung-thuong/ket-qua-trung-thuong/6553c28.html]
[vietlott.vn/vi/trung-thuong/ket-qua-trung-thuong/655feef.html]
[vietlott.vn/vi/trung-thuong/ket-qua-trung-thuong/6550010.html]
[vietlott.vn/vi/trung-thuong/ket-qua-trung-thuong/655698d.html]
[vietlott.vn/ajaxpro/Vietlott.PlugIn.WebParts.GameMax4DCompareWebPart,Vietlott.PlugIn.WebParts.js]
[vietlott.vn/vi/trung-thuong/ket-qua-trung-thuong/max-4d12f0.html]
[vietlott.vn/vi/trung-thuong/ket-qua-trung-thuong/max-4da397.html]
[vietlott.vn/vi/trung-thuong/ket-qua-trung-thuong/max-4d9b21.html]
[vietlott.vn/vi/trung-thuong/ket-qua-trung-thuong/max-4d2b34.html]
[vietlott.vn/vi/trung-thuong/ket-qua-trung-thuong/max-4d966c.html]
[vietlott.vn/slick/fonts/slick.svg]
[vietlott.vn/game/mega645/app.css]
[vietlott.vn/game/max4d/app.css]
[vietlott.vn/game/max4d/src/phaser.js]
[vietlott.vn/game/power/app.css]
[vietlott.vn/game/power/src/phaser.js]
[vietlott.vn/ajaxpro/Vietlott.PlugIn.WebParts.VideoList645WebPart,Vietlott.PlugIn.WebParts.js]
[vietlott.vn/ajaxpro/Vietlott.PlugIn.WebParts.VideoList655WebPart,Vietlott.PlugIn.WebParts.js]
[vietlott.vn/ajaxpro/Vietlott.PlugIn.WebParts.VideoListMax4DWebPart,Vietlott.PlugIn.WebParts.js]
[vietlott.vn/ajaxpro/Vietlott.PlugIn.WebParts.ExpiredPrize655WebPart,Vietlott.PlugIn.WebParts.js]
[vietlott.vn/ajaxpro/Vietlott.PlugIn.WebParts.TicketInfo655WebPart,Vietlott.PlugIn.WebParts.js]
[vietlott.vn/ajaxpro/Vietlott.PlugIn.WebParts.Game655SetOfJackPotWebPart,Vietlott.PlugIn.WebParts.js]
[vietlott.vn/vi/trach-nhiem-xa-hoi/trach-nhiem-voi-cong-dong/9365-tp-ho-chi-minh-lan-thu-2-chao-don-khach-hang-trung-jackpot-1/index.html]
[vietlott.vn/vi/trach-nhiem-xa-hoi/trach-nhiem-voi-cong-dong/9364-can-tho-don-them-mot-ty-phu-vietlott-moi/index.html]
[vietlott.vn/vi/trach-nhiem-xa-hoi/trach-nhiem-voi-cong-dong/9363-anh-nong-dan-soc-trang-nhan-thuong-hon-19-ty-dong/index.html]
[vietlott.vn/vi/tin-tuc/social-activity/56-vietlott-mang-nu-cuoi-cho-cac-em-nho-tai-benh-vien-nhi-trung-uong/index.html]
[vietlott.vn/vi/trach-nhiem-xa-hoi/trach-nhiem-voi-cong-dong/3101-vietlott-dong-hanh-cung-nguoi-ngheo-neo-don-phuong-hoa-thuan-dong/index.html]
[vietlott.vn/vi/tin-tuc/social-activity/3153-vietlott-trao-70-suat-hoc-bong-cho-tre-em-mo-coi-hai-phong/index.html]
[vietlott.vn/vi/trach-nhiem-xa-hoi/choi-co-trach-nhiem/9365-tp-ho-chi-minh-lan-thu-2-chao-don-khach-hang-trung-jackpot-1/index.html]
[vietlott.vn/vi/trach-nhiem-xa-hoi/choi-co-trach-nhiem/9364-can-tho-don-them-mot-ty-phu-vietlott-moi/index.html]
[vietlott.vn/vi/trach-nhiem-xa-hoi/choi-co-trach-nhiem/9363-anh-nong-dan-soc-trang-nhan-thuong-hon-19-ty-dong/index.html]
[vietlott.vn/vi/tin-tuc/tin-hoat-dong/9365-tp-ho-chi-minh-lan-thu-2-chao-don-khach-hang-trung-jackpot-1/index.html]
[vietlott.vn/vi/tin-tuc/tin-hoat-dong/9364-can-tho-don-them-mot-ty-phu-vietlott-moi/index.html]
[vietlott.vn/vi/tin-tuc/tin-hoat-dong/9363-anh-nong-dan-soc-trang-nhan-thuong-hon-19-ty-dong/index.html]
[vietlott.vn/vi/tin-tuc/9362-khach-hang-mua-bao-10-trung-jackpot-2-power-655/index.html]
[vietlott.vn/vi/trach-nhiem-xa-hoi/trach-nhiem-voi-cong-dong/9362-khach-hang-mua-bao-10-trung-jackpot-2-power-655/index.html]
[vietlott.vn/vi/trach-nhiem-xa-hoi/choi-co-trach-nhiem/9362-khach-hang-mua-bao-10-trung-jackpot-2-power-655/index.html]
[vietlott.vn/vi/tin-tuc/tin-hoat-dong/9362-khach-hang-mua-bao-10-trung-jackpot-2-power-655/index.html]
